mvn : WARNING: A terminally deprecated method in sun.misc.Unsafe has been 
called
At line:1 char:1
+ mvn test-compile 2>&1 | Out-File -FilePath compile_output.txt; Get-Co ...
+ ~~~~~~~~~~~~~~~~~~~~~
    + CategoryInfo          : NotSpecified: (WARNING: A term...has been cal 
   led:String) [], RemoteException
    + FullyQualifiedErrorId : NativeCommandError
 
WARNING: sun.misc.Unsafe::staticFieldBase has been called by 
com.google.inject.internal.aop.HiddenClassDefiner (file:/C:/Program%20Files/
Maven/apache-maven-3.9.11/lib/guice-5.1.0-classes.jar)
WARNING: Please consider reporting this to the maintainers of class 
com.google.inject.internal.aop.HiddenClassDefiner
WARNING: sun.misc.Unsafe::staticFieldBase will be removed in a future 
release
[INFO] Scanning for projects...
[INFO] 
[INFO] -------------------< com.tamagotchi:commit-tracker >--------------------
[INFO] Building Tamagotchi Commit Tracker 1.0.0
[INFO]   from pom.xml
[INFO] --------------------------------[ jar ]---------------------------------
[WARNING] 6 problems were encountered while building the effective model for org.openjfx:javafx-controls:jar:21.0.1 during dependency collection step for project (use -X to see details)
[INFO] 
[INFO] --- resources:3.3.1:resources (default-resources) @ commit-tracker ---
[INFO] Copying 169 resources from src\main\resources to target\classes
[INFO] 
[INFO] --- compiler:3.11.0:compile (default-compile) @ commit-tracker ---
[INFO] Changes detected - recompiling the module! :source
[INFO] Compiling 69 source files with javac [debug target 17 module-path] to target\classes
[WARNING] location of system modules is not set in conjunction with -source 17
  not setting the location of system modules may lead to class files that cannot run on JDK 17
    --release 17 is recommended instead of -source 17 -target 17 because it sets the location of system modules automatically
[INFO] /I:/aethra-hackathon/src/main/java/com/tamagotchi/committracker/ui/components/PokedexMainDisplay.java: I:\aethra-hackathon\src\main\java\com\tamagotchi\committracker\ui\components\PokedexMainDisplay.java uses or overrides a deprecated API.
[INFO] /I:/aethra-hackathon/src/main/java/com/tamagotchi/committracker/ui/components/PokedexMainDisplay.java: Recompile with -Xlint:deprecation for details.
[INFO] 
[INFO] --- resources:3.3.1:testResources (default-testResources) @ commit-tracker ---
[INFO] skip non existing resourceDirectory I:\aethra-hackathon\src\test\resources
[INFO] 
[INFO] --- compiler:3.11.0:testCompile (default-testCompile) @ commit-tracker ---
[INFO] Changes detected - recompiling the module! :dependency
[INFO] Compiling 58 source files with javac [debug target 17 module-path] to target\test-classes
[WARNING] location of system modules is not set in conjunction with -source 17
  not setting the location of system modules may lead to class files that cannot run on JDK 17
    --release 17 is recommended instead of -source 17 -target 17 because it sets the location of system modules automatically
[INFO] ------------------------------------------------------------------------
[INFO] BUILD SUCCESS
[INFO] ------------------------------------------------------------------------
[INFO] Total time:  11.704 s
[INFO] Finished at: 2025-12-31T12:07:30+07:00
[INFO] ------------------------------------------------------------------------
